(1) A (Предп. 1)
(2) (A->B) (Не доказано)
(3) B (M.P. 2, 1)
(4) A (Предп. 1)