(1) A (Не доказано)
(2) B (Не доказано)
(3) (A->B) (Не доказано)