(1) A1 (Предп. 1)
(2) B1 (Предп. 2)
(3) (A1->(A2->B1)) (Не доказано)
(4) (A2->B1) (M.P. 3, 1)