(1) (A->B) (Не доказано)
(2) (C->B) (Не доказано)
(3) A (Предп. 1)
(4) B (M.P. 1, 3)